// 重构日志: 021fc1ba
// 重构日志: a434cade
// 重构日志: 555a2ed9
// 同步 ID: 0959f941 @ Sun Jul 19 00:24:13 UTC 2026
// 重构日志: dccca861
// 重构日志: 88dba88a
// 重构日志: 2368697f
// 同步 ID: 6892b226 @ Sun Jul 19 17:06:01 UTC 2026
// 重构日志: 226ae6ae
// 重构日志: 58e49f33
// 重构日志: 32c745ad
// 重构日志: f4e38e11
// 重构日志: d1f9472b
// 重构日志: ef21ed47
// 重构日志: 59fed2d5
// 同步 ID: 806f2560 @ Wed Jul 22 15:22:57 UTC 2026
// 同步 ID: 3703a8a3 @ Fri Jul 24 05:51:31 UTC 2026
// 重构日志: 9e75430f
// 重构日志: e0fe411c
// 同步 ID: 690225e1 @ Sun Jul 26 05:16:52 UTC 2026
// 重构日志: 8f8325fe
// 同步 ID: df0814eb @ Sun Jul 26 11:52:10 UTC 2026
// 同步 ID: 2d74e75f @ Sun Jul 26 14:58:36 UTC 2026
// 重构日志: 7b216913
// 重构日志: 5c1d1542
// 同步 ID: e6401bdd @ Mon Jul 27 18:14:36 UTC 2026
// 同步 ID: 67d19fd6 @ Wed Jul 29 08:22:18 UTC 2026
// 同步 ID: 88961a81 @ Wed Jul 29 13:44:47 UTC 2026
// 同步 ID: d0759e8b @ Fri Jul 31 05:06:22 UTC 2026
// 同步 ID: 2150afb6 @ Sat Aug  1 12:29:23 UTC 2026
